[monstersgambits.com/index.html]
[backblue.gif]
[fade.gif]
[index.html]
[monstersgambits.com/wp-content/uploads/2021/05/BlankWhiteLogo.png]
[monstersgambits.com/wp-content/themes/astra/assets/css/minified/main.minf3c8.css]
[monstersgambits.com/indexd784.html]
[monstersgambits.com/wp-includes/css/dist/block-library/style.min36b6.css]
[monstersgambits.com/wp-content/plugins/elementor/assets/lib/eicons/css/elementor-icons.min91ce.css]
[monstersgambits.com/indexa6da.html]
[monstersgambits.com/wp-content/plugins/elementor/assets/css/frontend-lite.min7e2e.css]
[monstersgambits.com/wp-content/uploads/elementor/css/post-2561b45.css]
[monstersgambits.com/wp-content/uploads/elementor/css/post-255d19d.css]
[monstersgambits.com/index52f0.json]
[monstersgambits.com/index91fc.json]
[monstersgambits.com/xmlrpc0db0.php]
[monstersgambits.com/wp-includes/wlwmanifest.xml]
[monstersgambits.com/index38de.json]
[monstersgambits.com/index112f.php]
[monstersgambits.com/wp-content/uploads/2021/05/BlankWhiteLogo-128x128.png]
[monstersgambits.com/wp-content/uploads/2021/05/BlankWhiteLogo-300x300.png]
[monstersgambits.com/wp-content/uploads/2024/05/72.png]
[monstersgambits.com/wp-content/uploads/2024/05/63.png]
[monstersgambits.com/wp-content/uploads/2023/06/BG-Without-logo.jpg]
[monstersgambits.com/wp-content/uploads/2023/06/s2-1024x576.jpg]
[monstersgambits.com/presskit/index.html]
[monstersgambits.com/wp-content/uploads/2023/06/s4.jpg]
[monstersgambits.com/wp-content/uploads/2023/06/s1.jpg]
[monstersgambits.com/wp-content/uploads/2023/06/ANDROIDscreen_1440x2560_2022-07-04_21-23-00.jpg]
[monstersgambits.com/wp-content/uploads/2023/06/s3.jpg]
[monstersgambits.com/wp-content/uploads/2023/06/ANDROIDscreen_2160x3840_2023-06-05_18-36-13.jpg]
[monstersgambits.com/wp-content/uploads/2023/06/AddToWhislist-Gif2.gif]
[monstersgambits.com/wp-content/uploads/2021/05/customer-img.jpg]
[monstersgambits.com/wp-content/uploads/2021/05/customer-1.jpg]
[monstersgambits.com/wp-content/uploads/2021/05/customer-img1.jpg]
[monstersgambits.com/wp-content/themes/astra/assets/js/minified/frontend.minf3c8.js]
[app.convertful.com/Convertful4d47.js]
[monstersgambits.com/wp-content/plugins/elementor/assets/js/webpack.runtime.min7e2e.js]
[monstersgambits.com/wp-includes/js/jquery/jquery.mina7a0.js]
[monstersgambits.com/wp-includes/js/jquery/jquery-migrate.mind617.js]
[monstersgambits.com/wp-content/plugins/elementor/assets/js/frontend-modules.min7e2e.js]
[monstersgambits.com/wp-content/plugins/elementor/assets/lib/waypoints/waypoints.min05da.js]
[monstersgambits.com/wp-includes/js/jquery/ui/core.min3f14.js]
[monstersgambits.com/wp-content/plugins/elementor/assets/js/frontend.min7e2e.js]
[monstersgambits.com/wp-includes/js/underscore.mind584.js]
[monstersgambits.com/wp-includes/js/wp-util.min36b6.js]
[monstersgambits.com/wp-content/plugins/wpforms-lite/assets/js/integrations/elementor/frontend.min725d.js]
[monstersgambits.com/index.html]
[monstersgambits.com/wp-content/themes/astra/assets/css/minified/main.minf3c8.css]
[monstersgambits.com/wp-includes/css/dist/block-library/style.min36b6.css]
[monstersgambits.com/wp-content/plugins/elementor/assets/lib/eicons/fonts/eicons1075.woff2]
[monstersgambits.com/wp-content/plugins/elementor/assets/lib/eicons/fonts/eicons1075.eot]
[monstersgambits.com/wp-content/plugins/elementor/assets/lib/eicons/fonts/eicons1075.woff]
[monstersgambits.com/wp-content/plugins/elementor/assets/lib/eicons/fonts/eicons1075.ttf]
[monstersgambits.com/wp-content/plugins/elementor/assets/lib/eicons/css/elementor-icons.min91ce.css]
[monstersgambits.com/wp-content/plugins/elementor/assets/css/frontend-lite.min7e2e.css]
[monstersgambits.com/wp-content/uploads/elementor/css/post-2561b45.css]
[monstersgambits.com/wp-content/plugins/elementor/assets/lib/eicons/fonts/eicons1075.svg]
[monstersgambits.com/wp-content/uploads/2023/06/ANDROID2jpg-scaled.jpg]
[monstersgambits.com/wp-content/uploads/elementor/css/post-255d19d.css]
[cdnjs.cloudflare.com/ajax/libs/uikit/1.2.0/css/uikit.gradient.min.css]
[monstersgambits.com/presskit/style.css]
[monstersgambits.com/presskit/indexa2a0.html]
[monstersgambits.com/presskit/images/header.png]
[monstersgambits.com/presskit/images/images.zip]
[monstersgambits.com/presskit/images/_ANDROID+screen_1440x2560_2022-08-02_14-07-25.png]
[monstersgambits.com/presskit/images/_ANDROID+screen_1440x2560_2022-07-04_21-21-44.png]
[monstersgambits.com/presskit/images/_ANDROID+screen_1536x3840_2022-12-26_14-17-44.png]
[monstersgambits.com/presskit/images/_ANDROID+screen_3840x2160_2023-07-06_00-12-50.png]
[monstersgambits.com/presskit/images/_ANDROID+screen_3840x2160_2023-07-10_03-22-29.png]
[monstersgambits.com/presskit/images/_ANDROID+screen_1440x2560_2022-07-14_12-12-50.png]
[monstersgambits.com/presskit/images/BG With Logo.png]
[monstersgambits.com/presskit/images/library_capsule.png]
[monstersgambits.com/presskit/images/_ANDROID+screen_3840x2160_2023-07-11_07-05-28.png]
[monstersgambits.com/presskit/images/library_hero.png]
[monstersgambits.com/presskit/images/_ANDROID+screen_1440x2560_2022-07-05_22-01-16.png]
[monstersgambits.com/presskit/images/_ANDROID+screen_1440x2560_2022-08-03_21-10-50.png]
[monstersgambits.com/presskit/images/BG Without logo.png]
[monstersgambits.com/presskit/images/logo.zip]
[monstersgambits.com/presskit/images/logo.png]
[monstersgambits.com/presskit/sheet7220.html]
[cdnjs.cloudflare.com/ajax/libs/jquery/1.10.2/jquery.min.js]
[cdnjs.cloudflare.com/ajax/libs/jquery.imagesloaded/3.0.4/jquery.imagesloaded.js]
[monstersgambits.com/presskit/index.html]
[monstersgambits.com/wp-content/themes/astra/assets/js/minified/frontend.minf3c8.js]
[monstersgambits.com/wp-content/plugins/elementor/assets/js/webpack.runtime.min7e2e.js]
[monstersgambits.com/wp-includes/js/jquery/jquery.mina7a0.js]
[monstersgambits.com/wp-includes/js/jquery/jquery-migrate.mind617.js]
[monstersgambits.com/wp-content/plugins/elementor/assets/js/frontend-modules.min7e2e.js]
[monstersgambits.com/wp-content/plugins/elementor/assets/lib/waypoints/waypoints.min05da.js]
[monstersgambits.com/wp-includes/js/jquery/ui/core.min3f14.js]
[cdnjs.cloudflare.com/ajax/libs/masonry/3.1.2/masonry.pkgd.min.js]
[monstersgambits.com/-negative.svg]
[monstersgambits.com/wp-content/plugins/elementor/assets/js/frontend.min7e2e.js]
[monstersgambits.com/wp-includes/js/underscore.mind584.js]
[monstersgambits.com/wp-includes/js/wp-util.min36b6.js]
[monstersgambits.com/wp-content/plugins/wpforms-lite/assets/js/integrations/elementor/frontend.min725d.js]
[monstersgambits.com/wp-content/plugins/elementor/assets/lib/eicons/fonts/eicons1075.svg]
[cdnjs.cloudflare.com/ajax/libs/uikit/1.2.0/css/uikit.gradient.min.css]
[monstersgambits.com/presskit/style.css]
[monstersgambits.com/presskit/indexa2a0.html]
[monstersgambits.com/OPR/index.html]
[monstersgambits.com/presskit/sheet7220.html]
[monstersgambits.com/-negative.html]
[monstersgambits.com/OPR/index.html]
[monstersgambits.com/presskit/credits.html]
[monstersgambits.com/presskit/credits.html]
